// Jest Snapshot v1, https://goo.gl/fbAQLP

exports[`renders 1`] = `
<DocumentFragment>
  <div
    class="sc-AxjAm fhxsoW"
  >
    <a
      data-testid="card-link"
      href="/character/1"
    >
      <div
        class="card-overlay"
      />
      <img
        alt="Neo"
        data-testid="card-image"
        src="https://observatoriodocinema.uol.com.br/wp-content/uploads/2020/04/Keanu-Reeves-1.jpg"
      />
    </a>
  </div>
</DocumentFragment>
`;
